field1,field2,test_case_comment
1,2,some comment
2,3,